// Jest Snapshot v1, https://goo.gl/fbAQLP

exports[`History component should render hitoryitems component 1`] = `ShallowWrapper {}`;
